// Jest Snapshot v1, https://goo.gl/fbAQLP

exports[`Button Button should render correctly 1`] = `
<styled.button
  onClick={[Function]}
  type="button"
>
  Test
</styled.button>
`;

exports[`Button StyledButton should render correctly 1`] = `
<button
  className="sc-AxjAm LDa-Di"
/>
`;
