// Jest Snapshot v1, https://goo.gl/fbAQLP

exports[`Shorthand Shorthand should render correctly 1`] = `
<styled.div>
  <Label
    description="Testbeschreibung"
    iconBefore={
      <svg
        height="24"
        viewBox="0 0 24 24"
        width="24"
      >
        <rect
          height="2"
          rx="1"
          width="12"
          x="6"
          y="11"
        />
      </svg>
    }
    label="Label"
  />
  <div
    className="shorthand__shorthand"
  >
    <input
      name="top"
      onBlur={[Function]}
      onChange={[Function]}
      pattern="[0-9.]*"
      type="text"
      value={20}
    />
    <input
      name="right"
      onBlur={[Function]}
      onChange={[Function]}
      pattern="[0-9.]*"
      type="text"
      value={20}
    />
    <input
      name="bottom"
      onBlur={[Function]}
      onChange={[Function]}
      pattern="[0-9.]*"
      type="text"
      value={20}
    />
    <input
      name="left"
      onBlur={[Function]}
      onChange={[Function]}
      pattern="[0-9.]*"
      type="text"
      value={20}
    />
  </div>
</styled.div>
`;

exports[`Shorthand StyledShorthand should render correctly 1`] = `
<div
  className="sc-AxjAm fTDmTT"
/>
`;
